مستمر: 3
مديون: 3
منتهي: 0
